// Jest Snapshot v1, https://goo.gl/fbAQLP

exports[`AddFly renders the AddFly 1`] = `
<View
  style={
    Object {
      "flex": 1,
      "height": "100%",
      "justifyContent": "center",
      "paddingTop": 45,
      "width": "100%",
    }
  }
>
  <View
    style={
      Object {
        "alignItems": "center",
        "flex": 1,
        "justifyContent": "center",
        "paddingTop": 45,
      }
    }
  >
    <TextInput
      allowFontScaling={true}
      onChangeText={[Function]}
      placeholder="Enter Fly Name"
      rejectResponderTermination={true}
      style={
        Object {
          "backgroundColor": "white",
          "borderRadius": 5,
          "fontSize": 18,
          "height": "25%",
          "marginBottom": "3%",
          "shadowColor": "#000",
          "shadowOffset": Object {
            "height": 2,
            "width": 0,
          },
          "shadowOpacity": 0.8,
          "shadowRadius": 2,
          "textAlign": "center",
          "width": "70%",
        }
      }
      underlineColorAndroid="transparent"
      value=""
    />
    <TextInput
      allowFontScaling={true}
      onChangeText={[Function]}
      placeholder="Enter Fly Color"
      rejectResponderTermination={true}
      style={
        Object {
          "backgroundColor": "white",
          "borderRadius": 5,
          "fontSize": 18,
          "height": "25%",
          "marginBottom": "3%",
          "shadowColor": "#000",
          "shadowOffset": Object {
            "height": 2,
            "width": 0,
          },
          "shadowOpacity": 0.8,
          "shadowRadius": 2,
          "textAlign": "center",
          "width": "70%",
        }
      }
      underlineColorAndroid="transparent"
      value=""
    />
    <TextInput
      allowFontScaling={true}
      keyboardType="number-pad"
      onChangeText={[Function]}
      placeholder="Enter Fly Size"
      rejectResponderTermination={true}
      style={
        Object {
          "backgroundColor": "white",
          "borderRadius": 5,
          "fontSize": 18,
          "height": "25%",
          "marginBottom": "3%",
          "shadowColor": "#000",
          "shadowOffset": Object {
            "height": 2,
            "width": 0,
          },
          "shadowOpacity": 0.8,
          "shadowRadius": 2,
          "textAlign": "center",
          "width": "70%",
        }
      }
      underlineColorAndroid="transparent"
      value=""
    />
    <TextInput
      allowFontScaling={true}
      onChangeText={[Function]}
      placeholder="Enter Fly Category"
      rejectResponderTermination={true}
      style={
        Object {
          "backgroundColor": "white",
          "borderRadius": 5,
          "fontSize": 18,
          "height": "25%",
          "marginBottom": "3%",
          "shadowColor": "#000",
          "shadowOffset": Object {
            "height": 2,
            "width": 0,
          },
          "shadowOpacity": 0.8,
          "shadowRadius": 2,
          "textAlign": "center",
          "width": "70%",
        }
      }
      underlineColorAndroid="transparent"
      value=""
    />
    <TextInput
      allowFontScaling={true}
      keyboardType="number-pad"
      onChangeText={[Function]}
      placeholder="Enter Fly Amount"
      rejectResponderTermination={true}
      style={
        Object {
          "backgroundColor": "white",
          "borderRadius": 5,
          "fontSize": 18,
          "height": "25%",
          "marginBottom": "3%",
          "shadowColor": "#000",
          "shadowOffset": Object {
            "height": 2,
            "width": 0,
          },
          "shadowOpacity": 0.8,
          "shadowRadius": 2,
          "textAlign": "center",
          "width": "70%",
        }
      }
      underlineColorAndroid="transparent"
      value=""
    />
  </View>
  <View
    style={
      Object {
        "alignSelf": "center",
        "flex": 1,
        "flexDirection": "row",
        "height": "30%",
        "justifyContent": "center",
        "marginTop": "5%",
        "width": "80%",
      }
    }
  >
    <View
      accessible={true}
      focusable={true}
      onClick={[Function]}
      onResponderGrant={[Function]}
      onResponderMove={[Function]}
      onResponderRelease={[Function]}
      onResponderTerminate={[Function]}
      onResponderTerminationRequest={[Function]}
      onStartShouldSetResponder={[Function]}
      style={
        Object {
          "alignItems": "center",
          "alignSelf": "center",
          "backgroundColor": "white",
          "borderColor": "#2A9D8F",
          "borderRadius": 3,
          "borderWidth": 2,
          "color": "black",
          "flex": 1,
          "height": "20%",
          "justifyContent": "center",
          "margin": 5,
          "opacity": 1,
          "shadowColor": "#000",
          "shadowOffset": Object {
            "height": 2,
            "width": 0,
          },
          "shadowOpacity": 0.8,
          "shadowRadius": 2,
          "width": "40%",
        }
      }
    >
      <Text
        style={Object {}}
      >
        Cancel
      </Text>
    </View>
    <View
      accessible={true}
      focusable={true}
      onClick={[Function]}
      onResponderGrant={[Function]}
      onResponderMove={[Function]}
      onResponderRelease={[Function]}
      onResponderTerminate={[Function]}
      onResponderTerminationRequest={[Function]}
      onStartShouldSetResponder={[Function]}
      style={
        Object {
          "alignItems": "center",
          "alignSelf": "center",
          "backgroundColor": "white",
          "borderColor": "#2A9D8F",
          "borderRadius": 3,
          "borderWidth": 2,
          "color": "black",
          "flex": 1,
          "height": "20%",
          "justifyContent": "center",
          "margin": 5,
          "opacity": 1,
          "shadowColor": "#000",
          "shadowOffset": Object {
            "height": 2,
            "width": 0,
          },
          "shadowOpacity": 0.8,
          "shadowRadius": 2,
          "width": "40%",
        }
      }
    >
      <Text
        style={Object {}}
      >
        Submit
      </Text>
    </View>
  </View>
</View>
`;
