// Jest Snapshot v1, https://goo.gl/fbAQLP

exports[`AddFly renders the AddFly 1`] = `
<View
  style={
    Object {
      "backgroundColor": "#f8f8ff",
      "flex": 1,
      "height": "100%",
      "justifyContent": "center",
      "paddingTop": 45,
      "width": "100%",
    }
  }
>
  <Text
    style={
      Object {
        "alignSelf": "center",
        "color": "#0b7d83",
        "flex": 0.2,
        "fontFamily": "Helvetica Neue",
        "fontSize": 20,
        "fontWeight": "bold",
        "marginBottom": 10,
      }
    }
  >
    Please enter the fly's information:
  </Text>
  <View
    style={
      Object {
        "alignItems": "center",
        "flex": 1,
        "justifyContent": "center",
        "paddingTop": 45,
      }
    }
  >
    <TextInput
      allowFontScaling={true}
      onChangeText={[Function]}
      placeholder="Enter Fly Name"
      rejectResponderTermination={true}
      style={
        Object {
          "backgroundColor": "#ffffff",
          "borderColor": "#212326",
          "borderRadius": 5,
          "borderWidth": 0.2,
          "color": "#212326",
          "elevation": 3,
          "fontSize": 18,
          "height": "25%",
          "marginBottom": "3%",
          "shadowColor": "#000",
          "shadowOffset": Object {
            "height": 1,
            "width": 0,
          },
          "shadowOpacity": 0.22,
          "shadowRadius": 2.22,
          "textAlign": "center",
          "width": "70%",
        }
      }
      underlineColorAndroid="transparent"
      value=""
    />
    <TextInput
      allowFontScaling={true}
      onChangeText={[Function]}
      placeholder="Enter Fly Color"
      rejectResponderTermination={true}
      style={
        Object {
          "backgroundColor": "#ffffff",
          "borderColor": "#212326",
          "borderRadius": 5,
          "borderWidth": 0.2,
          "color": "#212326",
          "elevation": 3,
          "fontSize": 18,
          "height": "25%",
          "marginBottom": "3%",
          "shadowColor": "#000",
          "shadowOffset": Object {
            "height": 1,
            "width": 0,
          },
          "shadowOpacity": 0.22,
          "shadowRadius": 2.22,
          "textAlign": "center",
          "width": "70%",
        }
      }
      underlineColorAndroid="transparent"
      value=""
    />
    <TextInput
      allowFontScaling={true}
      keyboardType="number-pad"
      onChangeText={[Function]}
      placeholder="Enter Fly Size"
      rejectResponderTermination={true}
      style={
        Object {
          "backgroundColor": "#ffffff",
          "borderColor": "#212326",
          "borderRadius": 5,
          "borderWidth": 0.2,
          "color": "#212326",
          "elevation": 3,
          "fontSize": 18,
          "height": "25%",
          "marginBottom": "3%",
          "shadowColor": "#000",
          "shadowOffset": Object {
            "height": 1,
            "width": 0,
          },
          "shadowOpacity": 0.22,
          "shadowRadius": 2.22,
          "textAlign": "center",
          "width": "70%",
        }
      }
      underlineColorAndroid="transparent"
      value=""
    />
    <TextInput
      allowFontScaling={true}
      onChangeText={[Function]}
      placeholder="Enter Fly Category"
      rejectResponderTermination={true}
      style={
        Object {
          "backgroundColor": "#ffffff",
          "borderColor": "#212326",
          "borderRadius": 5,
          "borderWidth": 0.2,
          "color": "#212326",
          "elevation": 3,
          "fontSize": 18,
          "height": "25%",
          "marginBottom": "3%",
          "shadowColor": "#000",
          "shadowOffset": Object {
            "height": 1,
            "width": 0,
          },
          "shadowOpacity": 0.22,
          "shadowRadius": 2.22,
          "textAlign": "center",
          "width": "70%",
        }
      }
      underlineColorAndroid="transparent"
      value=""
    />
    <TextInput
      allowFontScaling={true}
      keyboardType="number-pad"
      onChangeText={[Function]}
      placeholder="Enter Fly Amount"
      rejectResponderTermination={true}
      style={
        Object {
          "backgroundColor": "#ffffff",
          "borderColor": "#212326",
          "borderRadius": 5,
          "borderWidth": 0.2,
          "color": "#212326",
          "elevation": 3,
          "fontSize": 18,
          "height": "25%",
          "marginBottom": "3%",
          "shadowColor": "#000",
          "shadowOffset": Object {
            "height": 1,
            "width": 0,
          },
          "shadowOpacity": 0.22,
          "shadowRadius": 2.22,
          "textAlign": "center",
          "width": "70%",
        }
      }
      underlineColorAndroid="transparent"
      value=""
    />
  </View>
  <View
    style={
      Object {
        "alignSelf": "center",
        "flex": 1,
        "flexDirection": "row",
        "justifyContent": "center",
        "width": "80%",
      }
    }
  >
    <View
      accessible={true}
      focusable={true}
      onClick={[Function]}
      onResponderGrant={[Function]}
      onResponderMove={[Function]}
      onResponderRelease={[Function]}
      onResponderTerminate={[Function]}
      onResponderTerminationRequest={[Function]}
      onStartShouldSetResponder={[Function]}
      style={
        Object {
          "alignItems": "center",
          "alignSelf": "center",
          "backgroundColor": "#f7841f",
          "borderColor": "#212326",
          "borderRadius": 5,
          "borderWidth": 0.2,
          "elevation": 3,
          "height": 50,
          "justifyContent": "center",
          "marginHorizontal": "5%",
          "opacity": 1,
          "shadowColor": "#000",
          "shadowOffset": Object {
            "height": 1,
            "width": 0,
          },
          "shadowOpacity": 0.22,
          "shadowRadius": 2.22,
          "width": 130,
        }
      }
    >
      <Text
        style={
          Object {
            "color": "#ffffff",
            "fontFamily": "Helvetica-Bold",
            "fontSize": 15,
            "textAlign": "center",
          }
        }
      >
        Cancel
      </Text>
    </View>
    <View
      accessible={true}
      focusable={true}
      onClick={[Function]}
      onResponderGrant={[Function]}
      onResponderMove={[Function]}
      onResponderRelease={[Function]}
      onResponderTerminate={[Function]}
      onResponderTerminationRequest={[Function]}
      onStartShouldSetResponder={[Function]}
      style={
        Object {
          "alignItems": "center",
          "alignSelf": "center",
          "backgroundColor": "#f7841f",
          "borderColor": "#212326",
          "borderRadius": 5,
          "borderWidth": 0.2,
          "elevation": 3,
          "height": 50,
          "justifyContent": "center",
          "marginHorizontal": "5%",
          "opacity": 1,
          "shadowColor": "#000",
          "shadowOffset": Object {
            "height": 1,
            "width": 0,
          },
          "shadowOpacity": 0.22,
          "shadowRadius": 2.22,
          "width": 130,
        }
      }
    >
      <Text
        style={
          Object {
            "color": "#ffffff",
            "fontFamily": "Helvetica-Bold",
            "fontSize": 15,
            "textAlign": "center",
          }
        }
      >
        Submit
      </Text>
    </View>
  </View>
</View>
`;
