// Jest Snapshot v1, https://goo.gl/fbAQLP

exports[`FishCaught renders the FlyBox 1`] = `
<View
  style={
    Object {
      "alignItems": "center",
      "backgroundColor": "#f8f8ff",
      "flex": 1,
      "padding": 10,
    }
  }
>
  <View
    accessible={true}
    focusable={true}
    onClick={[Function]}
    onResponderGrant={[Function]}
    onResponderMove={[Function]}
    onResponderRelease={[Function]}
    onResponderTerminate={[Function]}
    onResponderTerminationRequest={[Function]}
    onStartShouldSetResponder={[Function]}
    style={
      Object {
        "alignItems": "center",
        "alignSelf": "center",
        "backgroundColor": "#f7841f",
        "borderColor": "#212326",
        "borderRadius": 5,
        "borderWidth": 0.2,
        "elevation": 3,
        "height": 50,
        "justifyContent": "center",
        "margin": "5%",
        "opacity": 1,
        "shadowColor": "#000",
        "shadowOffset": Object {
          "height": 1,
          "width": 0,
        },
        "shadowOpacity": 0.22,
        "shadowRadius": 2.22,
        "width": 150,
      }
    }
  >
    <Text
      color="white"
      style={
        Object {
          "color": "#ffffff",
          "fontFamily": "Helvetica-Bold",
          "fontSize": 18,
          "textAlign": "center",
        }
      }
    >
      Add Fish
    </Text>
  </View>
  <View
    style={
      Object {
        "alignItems": "center",
        "justifyContent": "center",
        "paddingTop": 50,
      }
    }
  >
    <Text
      style={
        Object {
          "fontSize": 30,
          "fontWeight": "bold",
        }
      }
    >
      Loading Fish Data...
    </Text>
  </View>
</View>
`;
