// Jest Snapshot v1, https://goo.gl/fbAQLP

exports[`FlyBox renders the FlyBox 1`] = `
<View
  style={
    Object {
      "alignItems": "center",
      "backgroundColor": "#f8f8ff",
      "flex": 1,
      "padding": 10,
    }
  }
>
  <View
    style={
      Object {
        "alignItems": "center",
        "justifyContent": "center",
        "paddingTop": 50,
      }
    }
  >
    <Text
      style={
        Object {
          "fontSize": 30,
          "fontWeight": "bold",
        }
      }
    >
      Loading Fly Data...
    </Text>
  </View>
</View>
`;
